Microsoft Windows [Version 10.0.22000.2295]
(c) Microsoft Corporation. Vse pravice pridržane.

C:\Users\gregor.redelonghi>cd majstaf\BRISI\ptn_follium_test_20230818

C:\Users\gregor.redelonghi\majstaf\BRISI\ptn_follium_test_20230818>.\venv\Scripts\python -m pip --proxy http://10.91.8.21:80 install --upgrade pip
C:\Users\gregor.redelonghi\majstaf\BRISI\ptn_follium_test_20230818>.\venv\Scripts\python -m pip --proxy http://10.91.8.21:80 install pandas geojson
C:\Users\gregor.redelonghi\majstaf\BRISI\ptn_follium_test_20230818>.\venv\Scripts\python -m pip --proxy http://10.91.8.21:80 install folium
C:\Users\gregor.redelonghi\majstaf\BRISI\ptn_follium_test_20230818>.\venv\Scripts\python -m pip --proxy http://10.91.8.21:80 install jupyter

---
Microsoft Windows [Version 10.0.22000.2295]
(c) Microsoft Corporation. Vse pravice pridržane.

C:\Users\gregor.redelonghi>cd majstaf\BRISI\ptn_follium_test_20230818

C:\Users\gregor.redelonghi\majstaf\BRISI\ptn_follium_test_20230818>.\venv\Scripts\activate

(venv) C:\Users\gregor.redelonghi\majstaf\BRISI\ptn_follium_test_20230818>py
Python 3.10.5 (tags/v3.10.5:f377153, Jun  6 2022, 16:14:13) [MSC v.1929 64 bit (AMD64)] on win32
Type "help", "copyright", "credits" or "license" for more information.
>>> import sys
>>> sys.executable
'C:\\Users\\gregor.redelonghi\\majstaf\\BRISI\\ptn_follium_test_20230818\\venv\\Scripts\\python.exe'
>>> exit()

(venv) C:\Users\gregor.redelonghi\majstaf\BRISI\ptn_follium_test_20230818>ipython kernel install --user --name=venv
Installed kernelspec venv in C:\Users\gregor.redelonghi\AppData\Roaming\jupyter\kernels\venv

(venv) C:\Users\gregor.redelonghi\majstaf\BRISI\ptn_follium_test_20230818>jupyter notebook
[I 2023-08-18 14:00:44.445 ServerApp] Package notebook took 0.0000s to import
[I 2023-08-18 14:00:44.471 ServerApp] Package jupyter_lsp took 0.0146s to import
[W 2023-08-18 14:00:44.471 ServerApp] A `_jupyter_server_extension_points` function was not found in jupyter_lsp. Instead, a `_jupyter_server_extension_paths` function was found and will be used for now. This function name will be deprecated in future releases of Jupyter Server.
[I 2023-08-18 14:00:44.477 ServerApp] Package jupyter_server_terminals took 0.0073s to import
[I 2023-08-18 14:00:44.477 ServerApp] Package jupyterlab took 0.0000s to import
[I 2023-08-18 14:00:44.521 ServerApp] Package notebook_shim took 0.0000s to import
[W 2023-08-18 14:00:44.521 ServerApp] A `_jupyter_server_extension_points` function was not found in notebook_shim. Instead, a `_jupyter_server_extension_paths` function was found and will be used for now. This function name will be deprecated in future releases of Jupyter Server.
[I 2023-08-18 14:00:44.522 ServerApp] jupyter_lsp | extension was successfully linked.
[I 2023-08-18 14:00:44.527 ServerApp] jupyter_server_terminals | extension was successfully linked.
[I 2023-08-18 14:00:44.537 ServerApp] jupyterlab | extension was successfully linked.
[I 2023-08-18 14:00:44.542 ServerApp] notebook | extension was successfully linked.
[I 2023-08-18 14:00:44.802 ServerApp] notebook_shim | extension was successfully linked.
[I 2023-08-18 14:00:44.829 ServerApp] notebook_shim | extension was successfully loaded.
[I 2023-08-18 14:00:44.829 ServerApp] jupyter_lsp | extension was successfully loaded.
[I 2023-08-18 14:00:44.829 ServerApp] jupyter_server_terminals | extension was successfully loaded.
[I 2023-08-18 14:00:44.840 LabApp] JupyterLab extension loaded from C:\Users\gregor.redelonghi\majstaf\BRISI\ptn_follium_test_20230818\venv\lib\site-packages\jupyterlab
[I 2023-08-18 14:00:44.840 LabApp] JupyterLab application directory is C:\Users\gregor.redelonghi\majstaf\BRISI\ptn_follium_test_20230818\venv\share\jupyter\lab
[I 2023-08-18 14:00:44.840 LabApp] Extension Manager is 'pypi'.
[I 2023-08-18 14:00:44.840 ServerApp] jupyterlab | extension was successfully loaded.
[I 2023-08-18 14:00:44.840 ServerApp] notebook | extension was successfully loaded.
[I 2023-08-18 14:00:44.840 ServerApp] Serving notebooks from local directory: C:\Users\gregor.redelonghi\majstaf\BRISI\ptn_follium_test_20230818
[I 2023-08-18 14:00:44.840 ServerApp] Jupyter Server 2.7.2 is running at:
[I 2023-08-18 14:00:44.840 ServerApp] http://localhost:8888/tree?token=d01b43ff48df22a045881251e4a7646e803fe82f1680f568
[I 2023-08-18 14:00:44.840 ServerApp]     http://127.0.0.1:8888/tree?token=d01b43ff48df22a045881251e4a7646e803fe82f1680f568
[I 2023-08-18 14:00:44.840 ServerApp] Use Control-C to stop this server and shut down all kernels (twice to skip confirmation).
[C 2023-08-18 14:00:44.871 ServerApp]

    To access the server, open this file in a browser:
        file:///C:/Users/gregor.redelonghi/AppData/Roaming/jupyter/runtime/jpserver-1628-open.html
    Or copy and paste one of these URLs:
        http://localhost:8888/tree?token=d01b43ff48df22a045881251e4a7646e803fe82f1680f568
        http://127.0.0.1:8888/tree?token=d01b43ff48df22a045881251e4a7646e803fe82f1680f568
[I 2023-08-18 14:00:44.920 ServerApp] Skipped non-installed server(s): bash-language-server, dockerfile-language-server-nodejs, javascript-typescript-langserver, jedi-language-server, julia-language-server, pyright, python-language-server, python-lsp-server, r-languageserver, sql-language-server, texlab, typescript-language-server, unified-language-server, vscode-css-languageserver-bin, vscode-html-languageserver-bin, vscode-json-languageserver-bin, yaml-language-server
[I 2023-08-18 14:01:32.577 ServerApp] Creating new notebook in
[I 2023-08-18 14:01:32.620 ServerApp] Writing notebook-signing key to C:\Users\gregor.redelonghi\AppData\Roaming\jupyter\notebook_secret
[I 2023-08-18 14:01:38.741 ServerApp] Kernel started: c4195937-7770-4dce-ab01-9fb22cb60286
[I 2023-08-18 14:01:39.777 ServerApp] Connecting to kernel c4195937-7770-4dce-ab01-9fb22cb60286.
[I 2023-08-18 14:03:34.489 ServerApp] Saving file at /Untitled.ipynb
[I 2023-08-18 14:05:34.505 ServerApp] Saving file at /Untitled.ipynb
[I 2023-08-18 14:07:34.539 ServerApp] Saving file at /Untitled.ipynb
[I 2023-08-18 14:09:34.571 ServerApp] Saving file at /Untitled.ipynb
[I 2023-08-18 14:11:34.604 ServerApp] Saving file at /Untitled.ipynb
[I 2023-08-18 14:13:20.964 ServerApp] Starting buffering for c4195937-7770-4dce-ab01-9fb22cb60286:1d8f875d-d64c-4bd0-b65b-2044614248b9
[I 2023-08-18 14:14:40.097 ServerApp] Connecting to kernel c4195937-7770-4dce-ab01-9fb22cb60286.
[I 2023-08-18 14:14:56.496 ServerApp] Saving file at /Untitled.ipynb
[W 2023-08-18 14:15:24.036 ServerApp] 404 GET /api/contents/folium_test_en.ipynb?1692360924032 (::1): No such file or directory: folium_test_en.ipynb
[W 2023-08-18 14:15:24.036 ServerApp] wrote error: 'No such file or directory: folium_test_en.ipynb'
    Traceback (most recent call last):
      File "C:\Users\gregor.redelonghi\majstaf\BRISI\ptn_follium_test_20230818\venv\lib\site-packages\tornado\web.py", line 1786, in _execute
        result = await result
      File "C:\Users\gregor.redelonghi\majstaf\BRISI\ptn_follium_test_20230818\venv\lib\site-packages\jupyter_server\services\contents\handlers.py", line 121, in get
        model = await ensure_async(
      File "C:\Users\gregor.redelonghi\majstaf\BRISI\ptn_follium_test_20230818\venv\lib\site-packages\jupyter_core\utils\__init__.py", line 182, in ensure_async
        result = await obj
      File "C:\Users\gregor.redelonghi\majstaf\BRISI\ptn_follium_test_20230818\venv\lib\site-packages\jupyter_server\services\contents\filemanager.py", line 861, in get
        raise web.HTTPError(404, "No such file or directory: %s" % path)
    tornado.web.HTTPError: HTTP 404: Not Found (No such file or directory: folium_test_en.ipynb)
[W 2023-08-18 14:15:24.039 ServerApp] 404 GET /api/contents/folium_test_en.ipynb?1692360924032 (8562c58c36b74a6eafb99f3c7beaee59@::1) 3.99ms referer=http://localhost:8888/notebooks/Untitled.ipynb
[I 2023-08-18 14:15:24.044 ServerApp] Uploading file to /folium_test_en.ipynb
[I 2023-08-18 14:15:24.063 ServerApp] Starting buffering for c4195937-7770-4dce-ab01-9fb22cb60286:3f6caec7-8106-4d25-be28-d87c906b2afc
[I 2023-08-18 14:15:25.829 ServerApp] Kernel started: 479bf113-4a90-4854-b5aa-17684bed8100
[I 2023-08-18 14:15:26.898 ServerApp] Connecting to kernel 479bf113-4a90-4854-b5aa-17684bed8100.
[I 2023-08-18 14:15:37.979 ServerApp] Saving file at /folium_test_en.ipynb
[I 2023-08-18 14:15:42.890 ServerApp] Kernel shutdown: c4195937-7770-4dce-ab01-9fb22cb60286
[I 2023-08-18 14:15:42.892 ServerApp] Kernel shutdown: 479bf113-4a90-4854-b5aa-17684bed8100
[I 2023-08-18 14:15:43.134 ServerApp] Shutting down on /api/shutdown request.
[I 2023-08-18 14:15:43.135 ServerApp] Shutting down 5 extensions

(venv) C:\Users\gregor.redelonghi\majstaf\BRISI\ptn_follium_test_20230818>jupyter notebook folium_test_en.ipynb
[I 2023-08-18 14:15:58.830 ServerApp] Package notebook took 0.0000s to import
[I 2023-08-18 14:15:58.857 ServerApp] Package jupyter_lsp took 0.0198s to import
[W 2023-08-18 14:15:58.857 ServerApp] A `_jupyter_server_extension_points` function was not found in jupyter_lsp. Instead, a `_jupyter_server_extension_paths` function was found and will be used for now. This function name will be deprecated in future releases of Jupyter Server.
[I 2023-08-18 14:15:58.857 ServerApp] Package jupyter_server_terminals took 0.0089s to import
[I 2023-08-18 14:15:58.857 ServerApp] Package jupyterlab took 0.0000s to import
[I 2023-08-18 14:15:58.889 ServerApp] Package notebook_shim took 0.0000s to import
[W 2023-08-18 14:15:58.889 ServerApp] A `_jupyter_server_extension_points` function was not found in notebook_shim. Instead, a `_jupyter_server_extension_paths` function was found and will be used for now. This function name will be deprecated in future releases of Jupyter Server.
[I 2023-08-18 14:15:58.889 ServerApp] jupyter_lsp | extension was successfully linked.
[I 2023-08-18 14:15:58.905 ServerApp] jupyter_server_terminals | extension was successfully linked.
[I 2023-08-18 14:15:58.915 ServerApp] jupyterlab | extension was successfully linked.
[I 2023-08-18 14:15:58.920 ServerApp] notebook | extension was successfully linked.
[I 2023-08-18 14:15:59.184 ServerApp] notebook_shim | extension was successfully linked.
[I 2023-08-18 14:15:59.205 ServerApp] notebook_shim | extension was successfully loaded.
[I 2023-08-18 14:15:59.205 ServerApp] jupyter_lsp | extension was successfully loaded.
[I 2023-08-18 14:15:59.205 ServerApp] jupyter_server_terminals | extension was successfully loaded.
[I 2023-08-18 14:15:59.205 LabApp] JupyterLab extension loaded from C:\Users\gregor.redelonghi\majstaf\BRISI\ptn_follium_test_20230818\venv\lib\site-packages\jupyterlab
[I 2023-08-18 14:15:59.205 LabApp] JupyterLab application directory is C:\Users\gregor.redelonghi\majstaf\BRISI\ptn_follium_test_20230818\venv\share\jupyter\lab
[I 2023-08-18 14:15:59.205 LabApp] Extension Manager is 'pypi'.
[I 2023-08-18 14:15:59.215 ServerApp] jupyterlab | extension was successfully loaded.
[I 2023-08-18 14:15:59.215 ServerApp] notebook | extension was successfully loaded.
[I 2023-08-18 14:15:59.215 ServerApp] Serving notebooks from local directory: C:\Users\gregor.redelonghi\majstaf\BRISI\ptn_follium_test_20230818
[I 2023-08-18 14:15:59.215 ServerApp] Jupyter Server 2.7.2 is running at:
[I 2023-08-18 14:15:59.215 ServerApp] http://localhost:8888/tree?token=d9147394914edc74cc1c7f8a754039f395e3269d7cb54588
[I 2023-08-18 14:15:59.220 ServerApp]     http://127.0.0.1:8888/tree?token=d9147394914edc74cc1c7f8a754039f395e3269d7cb54588
[I 2023-08-18 14:15:59.220 ServerApp] Use Control-C to stop this server and shut down all kernels (twice to skip confirmation).
[C 2023-08-18 14:15:59.254 ServerApp]

    To access the server, open this file in a browser:
        file:///C:/Users/gregor.redelonghi/AppData/Roaming/jupyter/runtime/jpserver-11348-open.html
    Or copy and paste one of these URLs:
        http://localhost:8888/tree?token=d9147394914edc74cc1c7f8a754039f395e3269d7cb54588
        http://127.0.0.1:8888/tree?token=d9147394914edc74cc1c7f8a754039f395e3269d7cb54588
[I 2023-08-18 14:15:59.293 ServerApp] Skipped non-installed server(s): bash-language-server, dockerfile-language-server-nodejs, javascript-typescript-langserver, jedi-language-server, julia-language-server, pyright, python-language-server, python-lsp-server, r-languageserver, sql-language-server, texlab, typescript-language-server, unified-language-server, vscode-css-languageserver-bin, vscode-html-languageserver-bin, vscode-json-languageserver-bin, yaml-language-server
[I 2023-08-18 14:16:00.642 JupyterNotebookApp] 302 GET /tree/folium_test_en.ipynb?token=[secret] (8562c58c36b74a6eafb99f3c7beaee59@::1) 3.99ms
[I 2023-08-18 14:16:02.928 ServerApp] Kernel started: 2a16710a-70f5-438f-a215-21b3eb101869
[I 2023-08-18 14:16:03.954 ServerApp] Connecting to kernel 2a16710a-70f5-438f-a215-21b3eb101869.
[I 2023-08-18 14:16:06.711 ServerApp] Starting buffering for 2a16710a-70f5-438f-a215-21b3eb101869:1f35b492-fa9d-4766-ad46-ac9758b1088b
[I 2023-08-18 14:16:11.887 ServerApp] Interrupted...
[IPKernelApp] WARNING | Parent appears to have exited, shutting down.

(venv) C:\Users\gregor.redelonghi\majstaf\BRISI\ptn_follium_test_20230818>jupyter notebook
[I 2023-08-18 14:16:20.054 ServerApp] Package notebook took 0.0000s to import
[I 2023-08-18 14:16:20.064 ServerApp] Package jupyter_lsp took 0.0149s to import
[W 2023-08-18 14:16:20.070 ServerApp] A `_jupyter_server_extension_points` function was not found in jupyter_lsp. Instead, a `_jupyter_server_extension_paths` function was found and will be used for now. This function name will be deprecated in future releases of Jupyter Server.
[I 2023-08-18 14:16:20.070 ServerApp] Package jupyter_server_terminals took 0.0075s to import
[I 2023-08-18 14:16:20.070 ServerApp] Package jupyterlab took 0.0000s to import
[I 2023-08-18 14:16:20.112 ServerApp] Package notebook_shim took 0.0000s to import
[W 2023-08-18 14:16:20.112 ServerApp] A `_jupyter_server_extension_points` function was not found in notebook_shim. Instead, a `_jupyter_server_extension_paths` function was found and will be used for now. This function name will be deprecated in future releases of Jupyter Server.
[I 2023-08-18 14:16:20.112 ServerApp] jupyter_lsp | extension was successfully linked.
[I 2023-08-18 14:16:20.118 ServerApp] jupyter_server_terminals | extension was successfully linked.
[I 2023-08-18 14:16:20.128 ServerApp] jupyterlab | extension was successfully linked.
[I 2023-08-18 14:16:20.134 ServerApp] notebook | extension was successfully linked.
[I 2023-08-18 14:16:20.451 ServerApp] notebook_shim | extension was successfully linked.
[I 2023-08-18 14:16:20.467 ServerApp] notebook_shim | extension was successfully loaded.
[I 2023-08-18 14:16:20.477 ServerApp] jupyter_lsp | extension was successfully loaded.
[I 2023-08-18 14:16:20.477 ServerApp] jupyter_server_terminals | extension was successfully loaded.
[I 2023-08-18 14:16:20.477 LabApp] JupyterLab extension loaded from C:\Users\gregor.redelonghi\majstaf\BRISI\ptn_follium_test_20230818\venv\lib\site-packages\jupyterlab
[I 2023-08-18 14:16:20.477 LabApp] JupyterLab application directory is C:\Users\gregor.redelonghi\majstaf\BRISI\ptn_follium_test_20230818\venv\share\jupyter\lab
[I 2023-08-18 14:16:20.477 LabApp] Extension Manager is 'pypi'.
[I 2023-08-18 14:16:20.483 ServerApp] jupyterlab | extension was successfully loaded.
[I 2023-08-18 14:16:20.483 ServerApp] notebook | extension was successfully loaded.
[I 2023-08-18 14:16:20.483 ServerApp] Serving notebooks from local directory: C:\Users\gregor.redelonghi\majstaf\BRISI\ptn_follium_test_20230818
[I 2023-08-18 14:16:20.483 ServerApp] Jupyter Server 2.7.2 is running at:
[I 2023-08-18 14:16:20.483 ServerApp] http://localhost:8888/tree?token=94994a90e5673643cb836d6b7a4269089f37621ebb121919
[I 2023-08-18 14:16:20.483 ServerApp]     http://127.0.0.1:8888/tree?token=94994a90e5673643cb836d6b7a4269089f37621ebb121919
[I 2023-08-18 14:16:20.483 ServerApp] Use Control-C to stop this server and shut down all kernels (twice to skip confirmation).
[C 2023-08-18 14:16:20.514 ServerApp]

    To access the server, open this file in a browser:
        file:///C:/Users/gregor.redelonghi/AppData/Roaming/jupyter/runtime/jpserver-18204-open.html
    Or copy and paste one of these URLs:
        http://localhost:8888/tree?token=94994a90e5673643cb836d6b7a4269089f37621ebb121919
        http://127.0.0.1:8888/tree?token=94994a90e5673643cb836d6b7a4269089f37621ebb121919
[I 2023-08-18 14:16:20.546 ServerApp] Skipped non-installed server(s): bash-language-server, dockerfile-language-server-nodejs, javascript-typescript-langserver, jedi-language-server, julia-language-server, pyright, python-language-server, python-lsp-server, r-languageserver, sql-language-server, texlab, typescript-language-server, unified-language-server, vscode-css-languageserver-bin, vscode-html-languageserver-bin, vscode-json-languageserver-bin, yaml-language-server
[I 2023-08-18 14:16:35.520 ServerApp] Interrupted...

(venv) C:\Users\gregor.redelonghi\majstaf\BRISI\ptn_follium_test_20230818>deactivate
C:\Users\gregor.redelonghi\majstaf\BRISI\ptn_follium_test_20230818>